Xshell 6 (Build 0184)
Copyright (c) 2002 NetSarang Computer, Inc. All rights reserved.

Type `help' to learn how to use Xshell prompt.
[C:\~]$ 

Connecting to 34.80.35.63:22...
Connection established.
To escape to local shell, press 'Ctrl+Alt+]'.

Welcome to Ubuntu 18.04.5 LTS (GNU/Linux 5.4.0-1021-gcp x86_64)

 * Documentation:  https://help.ubuntu.com
 * Management:     https://landscape.canonical.com
 * Support:        https://ubuntu.com/advantage

  System information as of Tue Sep  1 22:25:10 UTC 2020

  System load:  0.54              Processes:           115
  Usage of /:   14.8% of 9.52GB   Users logged in:     0
  Memory usage: 6%                IP address for ens4: 10.140.0.15
  Swap usage:   0%

0 packages can be updated.
0 updates are security updates.



The programs included with the Ubuntu system are free software;
the exact distribution terms for each program are described in the
individual files in /usr/share/doc/*/copyright.

Ubuntu comes with ABSOLUTELY NO WARRANTY, to the extent permitted by
applicable law.

/usr/bin/xauth:  file /home/gouers/.Xauthority does not exist
gouers@prometheus-k8s:~$ 
gouers@prometheus-k8s:~$ sudo su
root@prometheus-k8s:/home/gouers# 
root@prometheus-k8s:/home/gouers# sudo apt-get install golang
Reading package lists... Done
Building dependency tree       
Reading state information... Done
The following packages were automatically installed and are no longer required:
  grub-pc-bin libnuma1
Use 'sudo apt autoremove' to remove them.
The following additional packages will be installed:
  binutils binutils-common binutils-x86-64-linux-gnu build-essential cpp cpp-7 dpkg-dev fakeroot g++ g++-7 gcc gcc-7
  gcc-7-base golang-1.10 golang-1.10-doc golang-1.10-go golang-1.10-race-detector-runtime golang-1.10-src golang-doc
  golang-go golang-race-detector-runtime golang-src libalgorithm-diff-perl libalgorithm-diff-xs-perl libalgorithm-merge-perl
  libasan4 libatomic1 libbinutils libc-dev-bin libc6-dev libcc1-0 libcilkrts5 libdpkg-perl libfakeroot libfile-fcntllock-perl
  libgcc-7-dev libgomp1 libisl19 libitm1 liblsan0 libmpc3 libmpx2 libquadmath0 libstdc++-7-dev libtsan0 libubsan0
  linux-libc-dev make manpages-dev pkg-config
Suggested packages:
  binutils-doc cpp-doc gcc-7-locales debian-keyring g++-multilib g++-7-multilib gcc-7-doc libstdc++6-7-dbg gcc-multilib
  autoconf automake libtool flex bison gdb gcc-doc gcc-7-multilib libgcc1-dbg libgomp1-dbg libitm1-dbg libatomic1-dbg
  libasan4-dbg liblsan0-dbg libtsan0-dbg libubsan0-dbg libcilkrts5-dbg libmpx2-dbg libquadmath0-dbg bzr mercurial subversion
  glibc-doc libstdc++-7-doc make-doc
The following NEW packages will be installed:
  binutils binutils-common binutils-x86-64-linux-gnu build-essential cpp cpp-7 dpkg-dev fakeroot g++ g++-7 gcc gcc-7
  gcc-7-base golang golang-1.10 golang-1.10-doc golang-1.10-go golang-1.10-race-detector-runtime golang-1.10-src golang-doc
  golang-go golang-race-detector-runtime golang-src libalgorithm-diff-perl libalgorithm-diff-xs-perl libalgorithm-merge-perl
  libasan4 libatomic1 libbinutils libc-dev-bin libc6-dev libcc1-0 libcilkrts5 libdpkg-perl libfakeroot libfile-fcntllock-perl
  libgcc-7-dev libgomp1 libisl19 libitm1 liblsan0 libmpc3 libmpx2 libquadmath0 libstdc++-7-dev libtsan0 libubsan0
  linux-libc-dev make manpages-dev pkg-config
0 upgraded, 51 newly installed, 0 to remove and 0 not upgraded.
Need to get 85.7 MB of archives.
After this operation, 394 MB of additional disk space will be used.
Do you want to continue? [Y/n] y
Get:1 http://asia-east1.gce.archive.ubuntu.com/ubuntu bionic-updates/main amd64 binutils-common amd64 2.30-21ubuntu1~18.04.4 [196 kB]
Get:2 http://asia-east1.gce.archive.ubuntu.com/ubuntu bionic-updates/main amd64 libbinutils amd64 2.30-21ubuntu1~18.04.4 [488 kB]
Get:3 http://asia-east1.gce.archive.ubuntu.com/ubuntu bionic-updates/main amd64 binutils-x86-64-linux-gnu amd64 2.30-21ubuntu1~18.04.4 [1839 kB]
Get:4 http://asia-east1.gce.archive.ubuntu.com/ubuntu bionic-updates/main amd64 binutils amd64 2.30-21ubuntu1~18.04.4 [3392 B]
Get:5 http://asia-east1.gce.archive.ubuntu.com/ubuntu bionic-updates/main amd64 libc-dev-bin amd64 2.27-3ubuntu1.2 [71.8 kB]
Get:6 http://asia-east1.gce.archive.ubuntu.com/ubuntu bionic-updates/main amd64 linux-libc-dev amd64 4.15.0-112.113 [982 kB]
Get:7 http://asia-east1.gce.archive.ubuntu.com/ubuntu bionic-updates/main amd64 libc6-dev amd64 2.27-3ubuntu1.2 [2585 kB]
Get:8 http://asia-east1.gce.archive.ubuntu.com/ubuntu bionic-updates/main amd64 gcc-7-base amd64 7.5.0-3ubuntu1~18.04 [18.3 kB]
Get:9 http://asia-east1.gce.archive.ubuntu.com/ubuntu bionic/main amd64 libisl19 amd64 0.19-1 [551 kB]
Get:10 http://asia-east1.gce.archive.ubuntu.com/ubuntu bionic/main amd64 libmpc3 amd64 1.1.0-1 [40.8 kB]
Get:11 http://asia-east1.gce.archive.ubuntu.com/ubuntu bionic-updates/main amd64 cpp-7 amd64 7.5.0-3ubuntu1~18.04 [8591 kB]
Get:12 http://asia-east1.gce.archive.ubuntu.com/ubuntu bionic-updates/main amd64 cpp amd64 4:7.4.0-1ubuntu2.3 [27.7 kB]
Get:13 http://asia-east1.gce.archive.ubuntu.com/ubuntu bionic-updates/main amd64 libcc1-0 amd64 8.4.0-1ubuntu1~18.04 [39.4 kB]
Get:14 http://asia-east1.gce.archive.ubuntu.com/ubuntu bionic-updates/main amd64 libgomp1 amd64 8.4.0-1ubuntu1~18.04 [76.5 kB]
Get:15 http://asia-east1.gce.archive.ubuntu.com/ubuntu bionic-updates/main amd64 libitm1 amd64 8.4.0-1ubuntu1~18.04 [27.9 kB]
Get:16 http://asia-east1.gce.archive.ubuntu.com/ubuntu bionic-updates/main amd64 libatomic1 amd64 8.4.0-1ubuntu1~18.04 [9192 B]
Get:17 http://asia-east1.gce.archive.ubuntu.com/ubuntu bionic-updates/main amd64 libasan4 amd64 7.5.0-3ubuntu1~18.04 [358 kB]
Get:18 http://asia-east1.gce.archive.ubuntu.com/ubuntu bionic-updates/main amd64 liblsan0 amd64 8.4.0-1ubuntu1~18.04 [133 kB]
Get:19 http://asia-east1.gce.archive.ubuntu.com/ubuntu bionic-updates/main amd64 libtsan0 amd64 8.4.0-1ubuntu1~18.04 [288 kB]
Get:20 http://asia-east1.gce.archive.ubuntu.com/ubuntu bionic-updates/main amd64 libubsan0 amd64 7.5.0-3ubuntu1~18.04 [126 kB]
Get:21 http://asia-east1.gce.archive.ubuntu.com/ubuntu bionic-updates/main amd64 libcilkrts5 amd64 7.5.0-3ubuntu1~18.04 [42.5 kB]
Get:22 http://asia-east1.gce.archive.ubuntu.com/ubuntu bionic-updates/main amd64 libmpx2 amd64 8.4.0-1ubuntu1~18.04 [11.6 kB]
Get:23 http://asia-east1.gce.archive.ubuntu.com/ubuntu bionic-updates/main amd64 libquadmath0 amd64 8.4.0-1ubuntu1~18.04 [134 kB]
Get:24 http://asia-east1.gce.archive.ubuntu.com/ubuntu bionic-updates/main amd64 libgcc-7-dev amd64 7.5.0-3ubuntu1~18.04 [2378 kB]
Get:25 http://asia-east1.gce.archive.ubuntu.com/ubuntu bionic-updates/main amd64 gcc-7 amd64 7.5.0-3ubuntu1~18.04 [9381 kB]
Get:26 http://asia-east1.gce.archive.ubuntu.com/ubuntu bionic-updates/main amd64 gcc amd64 4:7.4.0-1ubuntu2.3 [5184 B]
Get:27 http://asia-east1.gce.archive.ubuntu.com/ubuntu bionic-updates/main amd64 libstdc++-7-dev amd64 7.5.0-3ubuntu1~18.04 [1471 kB]
Get:28 http://asia-east1.gce.archive.ubuntu.com/ubuntu bionic-updates/main amd64 g++-7 amd64 7.5.0-3ubuntu1~18.04 [9697 kB]
Get:29 http://asia-east1.gce.archive.ubuntu.com/ubuntu bionic-updates/main amd64 g++ amd64 4:7.4.0-1ubuntu2.3 [1568 B]
Get:30 http://asia-east1.gce.archive.ubuntu.com/ubuntu bionic/main amd64 make amd64 4.1-9.1ubuntu1 [154 kB]
Get:31 http://asia-east1.gce.archive.ubuntu.com/ubuntu bionic-updates/main amd64 libdpkg-perl all 1.19.0.5ubuntu2.3 [211 kB]
Get:32 http://asia-east1.gce.archive.ubuntu.com/ubuntu bionic-updates/main amd64 dpkg-dev all 1.19.0.5ubuntu2.3 [607 kB]
Get:33 http://asia-east1.gce.archive.ubuntu.com/ubuntu bionic/main amd64 build-essential amd64 12.4ubuntu1 [4758 B]
Get:34 http://asia-east1.gce.archive.ubuntu.com/ubuntu bionic/main amd64 libfakeroot amd64 1.22-2ubuntu1 [25.9 kB]
Get:35 http://asia-east1.gce.archive.ubuntu.com/ubuntu bionic/main amd64 fakeroot amd64 1.22-2ubuntu1 [62.3 kB]
Get:36 http://asia-east1.gce.archive.ubuntu.com/ubuntu bionic-updates/main amd64 golang-1.10-src amd64 1.10.4-2ubuntu1~18.04.1 [11.1 MB]
Get:37 http://asia-east1.gce.archive.ubuntu.com/ubuntu bionic-updates/main amd64 golang-1.10-go amd64 1.10.4-2ubuntu1~18.04.1 [28.6 MB]
Get:38 http://asia-east1.gce.archive.ubuntu.com/ubuntu bionic-updates/main amd64 golang-1.10-doc all 1.10.4-2ubuntu1~18.04.1 [2419 kB]
Get:39 http://asia-east1.gce.archive.ubuntu.com/ubuntu bionic-updates/main amd64 golang-1.10 all 1.10.4-2ubuntu1~18.04.1 [11.2 kB]
Get:40 http://asia-east1.gce.archive.ubuntu.com/ubuntu bionic/main amd64 golang-src amd64 2:1.10~4ubuntu1 [3676 B]
Get:41 http://asia-east1.gce.archive.ubuntu.com/ubuntu bionic/main amd64 golang-go amd64 2:1.10~4ubuntu1 [22.0 kB]
Get:42 http://asia-east1.gce.archive.ubuntu.com/ubuntu bionic/main amd64 golang-doc all 2:1.10~4ubuntu1 [2944 B]
Get:43 http://asia-east1.gce.archive.ubuntu.com/ubuntu bionic/main amd64 golang amd64 2:1.10~4ubuntu1 [2896 B]
Get:44 http://asia-east1.gce.archive.ubuntu.com/ubuntu bionic/main amd64 golang-1.10-race-detector-runtime amd64 0.0+svn285455-0ubuntu1 [478 kB]
Get:45 http://asia-east1.gce.archive.ubuntu.com/ubuntu bionic/main amd64 libalgorithm-diff-perl all 1.19.03-1 [47.6 kB]
Get:46 http://asia-east1.gce.archive.ubuntu.com/ubuntu bionic/main amd64 libalgorithm-diff-xs-perl amd64 0.04-5 [11.1 kB]
Get:47 http://asia-east1.gce.archive.ubuntu.com/ubuntu bionic/main amd64 libalgorithm-merge-perl all 0.08-3 [12.0 kB]
Get:48 http://asia-east1.gce.archive.ubuntu.com/ubuntu bionic/main amd64 libfile-fcntllock-perl amd64 0.22-3build2 [33.2 kB]
Get:49 http://asia-east1.gce.archive.ubuntu.com/ubuntu bionic/main amd64 manpages-dev all 4.15-1 [2217 kB]
Get:50 http://asia-east1.gce.archive.ubuntu.com/ubuntu bionic/main amd64 pkg-config amd64 0.29.1-0ubuntu2 [45.0 kB]
Get:51 http://asia-east1.gce.archive.ubuntu.com/ubuntu bionic/main amd64 golang-race-detector-runtime amd64 2:1.10~4ubuntu1 [3456 B]
Fetched 85.7 MB in 4s (19.8 MB/s)
Extracting templates from packages: 100%
Selecting previously unselected package binutils-common:amd64.
(Reading database ... 65441 files and directories currently installed.)
Preparing to unpack .../00-binutils-common_2.30-21ubuntu1~18.04.4_amd64.deb ...
Unpacking binutils-common:amd64 (2.30-21ubuntu1~18.04.4) ...
Selecting previously unselected package libbinutils:amd64.
Preparing to unpack .../01-libbinutils_2.30-21ubuntu1~18.04.4_amd64.deb ...
Unpacking libbinutils:amd64 (2.30-21ubuntu1~18.04.4) ...
Selecting previously unselected package binutils-x86-64-linux-gnu.
Preparing to unpack .../02-binutils-x86-64-linux-gnu_2.30-21ubuntu1~18.04.4_amd64.deb ...
Unpacking binutils-x86-64-linux-gnu (2.30-21ubuntu1~18.04.4) ...
Selecting previously unselected package binutils.
Preparing to unpack .../03-binutils_2.30-21ubuntu1~18.04.4_amd64.deb ...
Unpacking binutils (2.30-21ubuntu1~18.04.4) ...
Selecting previously unselected package libc-dev-bin.
Preparing to unpack .../04-libc-dev-bin_2.27-3ubuntu1.2_amd64.deb ...
Unpacking libc-dev-bin (2.27-3ubuntu1.2) ...
Selecting previously unselected package linux-libc-dev:amd64.
Preparing to unpack .../05-linux-libc-dev_4.15.0-112.113_amd64.deb ...
Unpacking linux-libc-dev:amd64 (4.15.0-112.113) ...
Selecting previously unselected package libc6-dev:amd64.
Preparing to unpack .../06-libc6-dev_2.27-3ubuntu1.2_amd64.deb ...
Unpacking libc6-dev:amd64 (2.27-3ubuntu1.2) ...
Selecting previously unselected package gcc-7-base:amd64.
Preparing to unpack .../07-gcc-7-base_7.5.0-3ubuntu1~18.04_amd64.deb ...
Unpacking gcc-7-base:amd64 (7.5.0-3ubuntu1~18.04) ...
Selecting previously unselected package libisl19:amd64.
Preparing to unpack .../08-libisl19_0.19-1_amd64.deb ...
Unpacking libisl19:amd64 (0.19-1) ...
Selecting previously unselected package libmpc3:amd64.
Preparing to unpack .../09-libmpc3_1.1.0-1_amd64.deb ...
Unpacking libmpc3:amd64 (1.1.0-1) ...
Selecting previously unselected package cpp-7.
Preparing to unpack .../10-cpp-7_7.5.0-3ubuntu1~18.04_amd64.deb ...
Unpacking cpp-7 (7.5.0-3ubuntu1~18.04) ...
Selecting previously unselected package cpp.
Preparing to unpack .../11-cpp_4%3a7.4.0-1ubuntu2.3_amd64.deb ...
Unpacking cpp (4:7.4.0-1ubuntu2.3) ...
Selecting previously unselected package libcc1-0:amd64.
Preparing to unpack .../12-libcc1-0_8.4.0-1ubuntu1~18.04_amd64.deb ...
Unpacking libcc1-0:amd64 (8.4.0-1ubuntu1~18.04) ...
Selecting previously unselected package libgomp1:amd64.
Preparing to unpack .../13-libgomp1_8.4.0-1ubuntu1~18.04_amd64.deb ...
Unpacking libgomp1:amd64 (8.4.0-1ubuntu1~18.04) ...
Selecting previously unselected package libitm1:amd64.
Preparing to unpack .../14-libitm1_8.4.0-1ubuntu1~18.04_amd64.deb ...
Unpacking libitm1:amd64 (8.4.0-1ubuntu1~18.04) ...
Selecting previously unselected package libatomic1:amd64.
Preparing to unpack .../15-libatomic1_8.4.0-1ubuntu1~18.04_amd64.deb ...
Unpacking libatomic1:amd64 (8.4.0-1ubuntu1~18.04) ...
Selecting previously unselected package libasan4:amd64.
Preparing to unpack .../16-libasan4_7.5.0-3ubuntu1~18.04_amd64.deb ...
Unpacking libasan4:amd64 (7.5.0-3ubuntu1~18.04) ...
Selecting previously unselected package liblsan0:amd64.
Preparing to unpack .../17-liblsan0_8.4.0-1ubuntu1~18.04_amd64.deb ...
Unpacking liblsan0:amd64 (8.4.0-1ubuntu1~18.04) ...
Selecting previously unselected package libtsan0:amd64.
Preparing to unpack .../18-libtsan0_8.4.0-1ubuntu1~18.04_amd64.deb ...
Unpacking libtsan0:amd64 (8.4.0-1ubuntu1~18.04) ...
Selecting previously unselected package libubsan0:amd64.
Preparing to unpack .../19-libubsan0_7.5.0-3ubuntu1~18.04_amd64.deb ...
Unpacking libubsan0:amd64 (7.5.0-3ubuntu1~18.04) ...
Selecting previously unselected package libcilkrts5:amd64.
Preparing to unpack .../20-libcilkrts5_7.5.0-3ubuntu1~18.04_amd64.deb ...
Unpacking libcilkrts5:amd64 (7.5.0-3ubuntu1~18.04) ...
Selecting previously unselected package libmpx2:amd64.
Preparing to unpack .../21-libmpx2_8.4.0-1ubuntu1~18.04_amd64.deb ...
Unpacking libmpx2:amd64 (8.4.0-1ubuntu1~18.04) ...
Selecting previously unselected package libquadmath0:amd64.
Preparing to unpack .../22-libquadmath0_8.4.0-1ubuntu1~18.04_amd64.deb ...
Unpacking libquadmath0:amd64 (8.4.0-1ubuntu1~18.04) ...
Selecting previously unselected package libgcc-7-dev:amd64.
Preparing to unpack .../23-libgcc-7-dev_7.5.0-3ubuntu1~18.04_amd64.deb ...
Unpacking libgcc-7-dev:amd64 (7.5.0-3ubuntu1~18.04) ...
Selecting previously unselected package gcc-7.
Preparing to unpack .../24-gcc-7_7.5.0-3ubuntu1~18.04_amd64.deb ...
Unpacking gcc-7 (7.5.0-3ubuntu1~18.04) ...
Selecting previously unselected package gcc.
Preparing to unpack .../25-gcc_4%3a7.4.0-1ubuntu2.3_amd64.deb ...
Unpacking gcc (4:7.4.0-1ubuntu2.3) ...
Selecting previously unselected package libstdc++-7-dev:amd64.
Preparing to unpack .../26-libstdc++-7-dev_7.5.0-3ubuntu1~18.04_amd64.deb ...
Unpacking libstdc++-7-dev:amd64 (7.5.0-3ubuntu1~18.04) ...
Selecting previously unselected package g++-7.
Preparing to unpack .../27-g++-7_7.5.0-3ubuntu1~18.04_amd64.deb ...
Unpacking g++-7 (7.5.0-3ubuntu1~18.04) ...
Selecting previously unselected package g++.
Preparing to unpack .../28-g++_4%3a7.4.0-1ubuntu2.3_amd64.deb ...
Unpacking g++ (4:7.4.0-1ubuntu2.3) ...
Selecting previously unselected package make.
Preparing to unpack .../29-make_4.1-9.1ubuntu1_amd64.deb ...
Unpacking make (4.1-9.1ubuntu1) ...
Selecting previously unselected package libdpkg-perl.
Preparing to unpack .../30-libdpkg-perl_1.19.0.5ubuntu2.3_all.deb ...
Unpacking libdpkg-perl (1.19.0.5ubuntu2.3) ...
Selecting previously unselected package dpkg-dev.
Preparing to unpack .../31-dpkg-dev_1.19.0.5ubuntu2.3_all.deb ...
Unpacking dpkg-dev (1.19.0.5ubuntu2.3) ...
Selecting previously unselected package build-essential.
Preparing to unpack .../32-build-essential_12.4ubuntu1_amd64.deb ...
Unpacking build-essential (12.4ubuntu1) ...
Selecting previously unselected package libfakeroot:amd64.
Preparing to unpack .../33-libfakeroot_1.22-2ubuntu1_amd64.deb ...
Unpacking libfakeroot:amd64 (1.22-2ubuntu1) ...
Selecting previously unselected package fakeroot.
Preparing to unpack .../34-fakeroot_1.22-2ubuntu1_amd64.deb ...
Unpacking fakeroot (1.22-2ubuntu1) ...
Selecting previously unselected package golang-1.10-src.
Preparing to unpack .../35-golang-1.10-src_1.10.4-2ubuntu1~18.04.1_amd64.deb ...
Unpacking golang-1.10-src (1.10.4-2ubuntu1~18.04.1) ...
Selecting previously unselected package golang-1.10-go.
Preparing to unpack .../36-golang-1.10-go_1.10.4-2ubuntu1~18.04.1_amd64.deb ...
Unpacking golang-1.10-go (1.10.4-2ubuntu1~18.04.1) ...
Selecting previously unselected package golang-1.10-doc.
Preparing to unpack .../37-golang-1.10-doc_1.10.4-2ubuntu1~18.04.1_all.deb ...
Unpacking golang-1.10-doc (1.10.4-2ubuntu1~18.04.1) ...
Selecting previously unselected package golang-1.10.
Preparing to unpack .../38-golang-1.10_1.10.4-2ubuntu1~18.04.1_all.deb ...
Unpacking golang-1.10 (1.10.4-2ubuntu1~18.04.1) ...
Selecting previously unselected package golang-src.
Preparing to unpack .../39-golang-src_2%3a1.10~4ubuntu1_amd64.deb ...
Unpacking golang-src (2:1.10~4ubuntu1) ...
Selecting previously unselected package golang-go.
Preparing to unpack .../40-golang-go_2%3a1.10~4ubuntu1_amd64.deb ...
Unpacking golang-go (2:1.10~4ubuntu1) ...
Selecting previously unselected package golang-doc.
Preparing to unpack .../41-golang-doc_2%3a1.10~4ubuntu1_all.deb ...
Unpacking golang-doc (2:1.10~4ubuntu1) ...
Selecting previously unselected package golang.
Preparing to unpack .../42-golang_2%3a1.10~4ubuntu1_amd64.deb ...
Unpacking golang (2:1.10~4ubuntu1) ...
Selecting previously unselected package golang-1.10-race-detector-runtime.
Preparing to unpack .../43-golang-1.10-race-detector-runtime_0.0+svn285455-0ubuntu1_amd64.deb ...
Unpacking golang-1.10-race-detector-runtime (0.0+svn285455-0ubuntu1) ...
Selecting previously unselected package libalgorithm-diff-perl.
Preparing to unpack .../44-libalgorithm-diff-perl_1.19.03-1_all.deb ...
Unpacking libalgorithm-diff-perl (1.19.03-1) ...
Selecting previously unselected package libalgorithm-diff-xs-perl.
Preparing to unpack .../45-libalgorithm-diff-xs-perl_0.04-5_amd64.deb ...
Unpacking libalgorithm-diff-xs-perl (0.04-5) ...
Selecting previously unselected package libalgorithm-merge-perl.
Preparing to unpack .../46-libalgorithm-merge-perl_0.08-3_all.deb ...
Unpacking libalgorithm-merge-perl (0.08-3) ...
Selecting previously unselected package libfile-fcntllock-perl.
Preparing to unpack .../47-libfile-fcntllock-perl_0.22-3build2_amd64.deb ...
Unpacking libfile-fcntllock-perl (0.22-3build2) ...
Selecting previously unselected package manpages-dev.
Preparing to unpack .../48-manpages-dev_4.15-1_all.deb ...
Unpacking manpages-dev (4.15-1) ...
Selecting previously unselected package pkg-config.
Preparing to unpack .../49-pkg-config_0.29.1-0ubuntu2_amd64.deb ...
Unpacking pkg-config (0.29.1-0ubuntu2) ...
Selecting previously unselected package golang-race-detector-runtime.
Preparing to unpack .../50-golang-race-detector-runtime_2%3a1.10~4ubuntu1_amd64.deb ...
Unpacking golang-race-detector-runtime (2:1.10~4ubuntu1) ...
Setting up libquadmath0:amd64 (8.4.0-1ubuntu1~18.04) ...
Setting up golang-1.10-race-detector-runtime (0.0+svn285455-0ubuntu1) ...
Setting up libgomp1:amd64 (8.4.0-1ubuntu1~18.04) ...
Setting up libatomic1:amd64 (8.4.0-1ubuntu1~18.04) ...
Setting up golang-race-detector-runtime (2:1.10~4ubuntu1) ...
Setting up libcc1-0:amd64 (8.4.0-1ubuntu1~18.04) ...
Setting up make (4.1-9.1ubuntu1) ...
Setting up libtsan0:amd64 (8.4.0-1ubuntu1~18.04) ...
Setting up linux-libc-dev:amd64 (4.15.0-112.113) ...
Setting up libdpkg-perl (1.19.0.5ubuntu2.3) ...
Setting up liblsan0:amd64 (8.4.0-1ubuntu1~18.04) ...
Setting up gcc-7-base:amd64 (7.5.0-3ubuntu1~18.04) ...
Setting up binutils-common:amd64 (2.30-21ubuntu1~18.04.4) ...
Setting up libfile-fcntllock-perl (0.22-3build2) ...
Setting up libmpx2:amd64 (8.4.0-1ubuntu1~18.04) ...
Setting up golang-1.10-src (1.10.4-2ubuntu1~18.04.1) ...
Setting up libfakeroot:amd64 (1.22-2ubuntu1) ...
Setting up libalgorithm-diff-perl (1.19.03-1) ...
Setting up libmpc3:amd64 (1.1.0-1) ...
Setting up libc-dev-bin (2.27-3ubuntu1.2) ...
Setting up manpages-dev (4.15-1) ...
Setting up libc6-dev:amd64 (2.27-3ubuntu1.2) ...
Setting up libitm1:amd64 (8.4.0-1ubuntu1~18.04) ...
Setting up libisl19:amd64 (0.19-1) ...
Setting up libasan4:amd64 (7.5.0-3ubuntu1~18.04) ...
Setting up libbinutils:amd64 (2.30-21ubuntu1~18.04.4) ...
Setting up libcilkrts5:amd64 (7.5.0-3ubuntu1~18.04) ...
Setting up golang-src (2:1.10~4ubuntu1) ...
Setting up libubsan0:amd64 (7.5.0-3ubuntu1~18.04) ...
Setting up fakeroot (1.22-2ubuntu1) ...
update-alternatives: using /usr/bin/fakeroot-sysv to provide /usr/bin/fakeroot (fakeroot) in auto mode
Setting up libgcc-7-dev:amd64 (7.5.0-3ubuntu1~18.04) ...
Setting up cpp-7 (7.5.0-3ubuntu1~18.04) ...
Setting up golang-1.10-go (1.10.4-2ubuntu1~18.04.1) ...
Setting up libstdc++-7-dev:amd64 (7.5.0-3ubuntu1~18.04) ...
Setting up libalgorithm-merge-perl (0.08-3) ...
Setting up libalgorithm-diff-xs-perl (0.04-5) ...
Setting up binutils-x86-64-linux-gnu (2.30-21ubuntu1~18.04.4) ...
Setting up cpp (4:7.4.0-1ubuntu2.3) ...
Setting up golang-1.10-doc (1.10.4-2ubuntu1~18.04.1) ...
Setting up golang-go (2:1.10~4ubuntu1) ...
Setting up binutils (2.30-21ubuntu1~18.04.4) ...
Setting up golang-1.10 (1.10.4-2ubuntu1~18.04.1) ...
Setting up golang-doc (2:1.10~4ubuntu1) ...
Setting up gcc-7 (7.5.0-3ubuntu1~18.04) ...
Setting up g++-7 (7.5.0-3ubuntu1~18.04) ...
Setting up gcc (4:7.4.0-1ubuntu2.3) ...
Setting up dpkg-dev (1.19.0.5ubuntu2.3) ...
Setting up golang (2:1.10~4ubuntu1) ...
Setting up g++ (4:7.4.0-1ubuntu2.3) ...
update-alternatives: using /usr/bin/g++ to provide /usr/bin/c++ (c++) in auto mode
Setting up build-essential (12.4ubuntu1) ...
Setting up pkg-config (0.29.1-0ubuntu2) ...
Processing triggers for man-db (2.8.3-2ubuntu0.1) ...
Processing triggers for libc-bin (2.27-3ubuntu1.2) ...
root@prometheus-k8s:/home/gouers# go --version
flag provided but not defined: -version
Go is a tool for managing Go source code.

Usage:

	go command [arguments]

The commands are:

	build       compile packages and dependencies
	clean       remove object files and cached files
	doc         show documentation for package or symbol
	env         print Go environment information
	bug         start a bug report
	fix         update packages to use new APIs
	fmt         gofmt (reformat) package sources
	generate    generate Go files by processing source
	get         download and install packages and dependencies
	install     compile and install packages and dependencies
	list        list packages
	run         compile and run Go program
	test        test packages
	tool        run specified go tool
	version     print Go version
	vet         report likely mistakes in packages

Use "go help [command]" for more information about a command.

Additional help topics:

	c           calling between Go and C
	buildmode   build modes
	cache       build and test caching
	filetype    file types
	gopath      GOPATH environment variable
	environment environment variables
	importpath  import path syntax
	packages    package lists
	testflag    testing flags
	testfunc    testing functions

Use "go help [topic]" for more information about that topic.

root@prometheus-k8s:/home/gouers# go version
go version go1.10.4 linux/amd64
root@prometheus-k8s:/home/gouers# 
root@prometheus-k8s:/home/gouers# mkdir -p $GOPATH/src/github.com/prometheus
root@prometheus-k8s:/home/gouers# cd $GOPATH/src/github.com/prometheus
root@prometheus-k8s:/src/github.com/prometheus# pwd
/src/github.com/prometheus
root@prometheus-k8s:/src/github.com/prometheus# git clone https://github.com/prometheus/prometheus.git
Cloning into 'prometheus'...
remote: Enumerating objects: 10, done.
remote: Counting objects: 100% (10/10), done.
remote: Compressing objects: 100% (10/10), done.
remote: Total 67967 (delta 1), reused 1 (delta 0), pack-reused 67957
Receiving objects: 100% (67967/67967), 107.83 MiB | 14.11 MiB/s, done.
Resolving deltas: 100% (36825/36825), done.
root@prometheus-k8s:/src/github.com/prometheus# cd prometheus
root@prometheus-k8s:/src/github.com/prometheus/prometheus# make build
Makefile.common:54: This repository requires Go >= 1.11 because of Go modules
Makefile.common:55: Some recipes may not work as expected as the current Go runtime is 'go1.10.4'
cd web/ui/react-app && yarn --frozen-lockfile
/bin/sh: 1: yarn: not found
Makefile:33: recipe for target 'web/ui/react-app/node_modules' failed
make: *** [web/ui/react-app/node_modules] Error 127
root@prometheus-k8s:/src/github.com/prometheus/prometheus# curl -sS https://dl.yarnpkg.com/debian/pubkey.gpg | sudo apt-key add -
OK
root@prometheus-k8s:/src/github.com/prometheus/prometheus# echo "deb https://dl.yarnpkg.com/debian/ stable main" | sudo tee /etc/apt/sources.list.d/yarn.list
deb https://dl.yarnpkg.com/debian/ stable main
root@prometheus-k8s:/src/github.com/prometheus/prometheus# sudo apt-get update
Get:1 https://dl.yarnpkg.com/debian stable InRelease [17.1 kB]
Hit:2 http://asia-east1.gce.archive.ubuntu.com/ubuntu bionic InRelease                                                        
Get:3 http://asia-east1.gce.archive.ubuntu.com/ubuntu bionic-updates InRelease [88.7 kB]                                      
Get:4 http://asia-east1.gce.archive.ubuntu.com/ubuntu bionic-backports InRelease [74.6 kB]                                    
Get:5 https://dl.yarnpkg.com/debian stable/main all Packages [10.1 kB]                                                        
Get:6 https://dl.yarnpkg.com/debian stable/main amd64 Packages [10.1 kB]                                                      
Get:7 http://asia-east1.gce.archive.ubuntu.com/ubuntu bionic/universe amd64 Packages [8570 kB]                                
Get:8 http://security.ubuntu.com/ubuntu bionic-security InRelease [88.7 kB]                                                   
Get:9 http://asia-east1.gce.archive.ubuntu.com/ubuntu bionic/universe Translation-en [4941 kB]                        
Get:10 http://archive.canonical.com/ubuntu bionic InRelease [10.2 kB]                                                 
Get:11 http://asia-east1.gce.archive.ubuntu.com/ubuntu bionic/multiverse amd64 Packages [151 kB]                              
Get:12 http://asia-east1.gce.archive.ubuntu.com/ubuntu bionic/multiverse Translation-en [108 kB]                              
Get:13 http://asia-east1.gce.archive.ubuntu.com/ubuntu bionic-updates/main amd64 Packages [1052 kB]                      
Get:14 http://asia-east1.gce.archive.ubuntu.com/ubuntu bionic-updates/main Translation-en [351 kB]                  
Get:15 http://asia-east1.gce.archive.ubuntu.com/ubuntu bionic-updates/restricted amd64 Packages [89.9 kB]                
Get:16 http://asia-east1.gce.archive.ubuntu.com/ubuntu bionic-updates/restricted Translation-en [19.6 kB]           
Get:17 http://asia-east1.gce.archive.ubuntu.com/ubuntu bionic-updates/universe amd64 Packages [1103 kB]                   
Get:18 http://asia-east1.gce.archive.ubuntu.com/ubuntu bionic-updates/universe Translation-en [343 kB]              
Get:19 http://asia-east1.gce.archive.ubuntu.com/ubuntu bionic-updates/multiverse amd64 Packages [19.4 kB]                     
Get:20 http://asia-east1.gce.archive.ubuntu.com/ubuntu bionic-updates/multiverse Translation-en [6740 B]            
Get:21 http://asia-east1.gce.archive.ubuntu.com/ubuntu bionic-backports/main amd64 Packages [7516 B]                     
Get:22 http://asia-east1.gce.archive.ubuntu.com/ubuntu bionic-backports/main Translation-en [4764 B]               
Get:23 http://asia-east1.gce.archive.ubuntu.com/ubuntu bionic-backports/universe amd64 Packages [7736 B]                 
Get:24 http://asia-east1.gce.archive.ubuntu.com/ubuntu bionic-backports/universe Translation-en [4588 B]           
Get:25 http://archive.canonical.com/ubuntu bionic/partner amd64 Packages [2288 B]                                        
Get:26 http://archive.canonical.com/ubuntu bionic/partner Translation-en [1332 B]
Get:27 http://security.ubuntu.com/ubuntu bionic-security/main amd64 Packages [818 kB]
Get:28 http://security.ubuntu.com/ubuntu bionic-security/main Translation-en [257 kB]
Get:29 http://security.ubuntu.com/ubuntu bionic-security/restricted amd64 Packages [77.1 kB]
Get:30 http://security.ubuntu.com/ubuntu bionic-security/restricted Translation-en [16.9 kB]
Get:31 http://security.ubuntu.com/ubuntu bionic-security/universe amd64 Packages [696 kB]
Get:32 http://security.ubuntu.com/ubuntu bionic-security/universe Translation-en [230 kB]
Get:33 http://security.ubuntu.com/ubuntu bionic-security/multiverse amd64 Packages [8312 B]
Get:34 http://security.ubuntu.com/ubuntu bionic-security/multiverse Translation-en [2880 B]
Fetched 19.2 MB in 4s (4603 kB/s)                                 
Reading package lists... Done
root@prometheus-k8s:/src/github.com/prometheus/prometheus# sudo apt-get install yarn
Reading package lists... Done
Building dependency tree       
Reading state information... Done
The following packages were automatically installed and are no longer required:
  grub-pc-bin libnuma1
Use 'sudo apt autoremove' to remove them.
The following additional packages will be installed:
  libc-ares2 libhttp-parser2.7.1 nodejs nodejs-doc
The following NEW packages will be installed:
  libc-ares2 libhttp-parser2.7.1 nodejs nodejs-doc yarn
0 upgraded, 5 newly installed, 0 to remove and 21 not upgraded.
Need to get 6497 kB of archives.
After this operation, 30.1 MB of additional disk space will be used.
Do you want to continue? [Y/n] y
Get:1 http://asia-east1.gce.archive.ubuntu.com/ubuntu bionic-updates/universe amd64 nodejs-doc all 8.10.0~dfsg-2ubuntu0.4 [752 kB]
Get:2 http://asia-east1.gce.archive.ubuntu.com/ubuntu bionic/main amd64 libc-ares2 amd64 1.14.0-1 [37.1 kB]
Get:3 http://asia-east1.gce.archive.ubuntu.com/ubuntu bionic/main amd64 libhttp-parser2.7.1 amd64 2.7.1-2 [20.6 kB]
Get:4 http://asia-east1.gce.archive.ubuntu.com/ubuntu bionic-updates/universe amd64 nodejs amd64 8.10.0~dfsg-2ubuntu0.4 [4796 kB]
Get:5 https://dl.yarnpkg.com/debian stable/main amd64 yarn all 1.22.5-1 [891 kB]
Fetched 6497 kB in 0s (40.2 MB/s)                        
Selecting previously unselected package nodejs-doc.
(Reading database ... 79481 files and directories currently installed.)
Preparing to unpack .../nodejs-doc_8.10.0~dfsg-2ubuntu0.4_all.deb ...
Unpacking nodejs-doc (8.10.0~dfsg-2ubuntu0.4) ...
Selecting previously unselected package yarn.
Preparing to unpack .../archives/yarn_1.22.5-1_all.deb ...
Unpacking yarn (1.22.5-1) ...
Selecting previously unselected package libc-ares2:amd64.
Preparing to unpack .../libc-ares2_1.14.0-1_amd64.deb ...
Unpacking libc-ares2:amd64 (1.14.0-1) ...
Selecting previously unselected package libhttp-parser2.7.1:amd64.
Preparing to unpack .../libhttp-parser2.7.1_2.7.1-2_amd64.deb ...
Unpacking libhttp-parser2.7.1:amd64 (2.7.1-2) ...
Selecting previously unselected package nodejs.
Preparing to unpack .../nodejs_8.10.0~dfsg-2ubuntu0.4_amd64.deb ...
Unpacking nodejs (8.10.0~dfsg-2ubuntu0.4) ...
Setting up nodejs-doc (8.10.0~dfsg-2ubuntu0.4) ...
Setting up libhttp-parser2.7.1:amd64 (2.7.1-2) ...
Setting up yarn (1.22.5-1) ...
Setting up libc-ares2:amd64 (1.14.0-1) ...
Setting up nodejs (8.10.0~dfsg-2ubuntu0.4) ...
update-alternatives: using /usr/bin/nodejs to provide /usr/bin/js (js) in auto mode
Processing triggers for man-db (2.8.3-2ubuntu0.1) ...
Processing triggers for libc-bin (2.27-3ubuntu1.2) ...
root@prometheus-k8s:/src/github.com/prometheus/prometheus# yarn ––version
yarn run v1.22.5
error Couldn't find a package.json file in "/src/github.com/prometheus/prometheus"
info Visit https://yarnpkg.com/en/docs/cli/run for documentation about this command.
root@prometheus-k8s:/src/github.com/prometheus/prometheus# ls
CHANGELOG.md        LICENSE          NOTICE      cmd                discovery      go.mod    prompb  scripts   util
CODE_OF_CONDUCT.md  MAINTAINERS.md   README.md   config             docs           go.sum    promql  storage   vendor
CONTRIBUTING.md     Makefile         RELEASE.md  console_libraries  documentation  notifier  rules   template  web
Dockerfile          Makefile.common  VERSION     consoles           fuzzit.sh      pkg       scrape  tsdb
root@prometheus-k8s:/src/github.com/prometheus/prometheus# make build
Makefile.common:54: This repository requires Go >= 1.11 because of Go modules
Makefile.common:55: Some recipes may not work as expected as the current Go runtime is 'go1.10.4'
cd web/ui/react-app && yarn --frozen-lockfile
yarn install v1.22.5
[1/4] Resolving packages...
[2/4] Fetching packages...
error jsdom@16.4.0: The engine "node" is incompatible with this module. Expected version ">=10". Got "8.10.0"
error Found incompatible module.
info Visit https://yarnpkg.com/en/docs/cli/install for documentation about this command.
Makefile:33: recipe for target 'web/ui/react-app/node_modules' failed
make: *** [web/ui/react-app/node_modules] Error 1
root@prometheus-k8s:/src/github.com/prometheus/prometheus# curl -sL https://deb.nodesource.com/setup_10.x | sudo -E bash -

## Installing the NodeSource Node.js 10.x repo...


## Populating apt-get cache...

+ apt-get update
Hit:1 http://asia-east1.gce.archive.ubuntu.com/ubuntu bionic InRelease
Hit:2 http://asia-east1.gce.archive.ubuntu.com/ubuntu bionic-updates InRelease                                             
Hit:3 http://asia-east1.gce.archive.ubuntu.com/ubuntu bionic-backports InRelease                                           
Hit:4 https://dl.yarnpkg.com/debian stable InRelease                                                                          
Hit:5 http://archive.canonical.com/ubuntu bionic InRelease                                                                    
Hit:6 http://security.ubuntu.com/ubuntu bionic-security InRelease          
Reading package lists... Done

## Confirming "bionic" is supported...

+ curl -sLf -o /dev/null 'https://deb.nodesource.com/node_10.x/dists/bionic/Release'

## Adding the NodeSource signing key to your keyring...

+ curl -s https://deb.nodesource.com/gpgkey/nodesource.gpg.key | apt-key add -
OK

## Creating apt sources list file for the NodeSource Node.js 10.x repo...

+ echo 'deb https://deb.nodesource.com/node_10.x bionic main' > /etc/apt/sources.list.d/nodesource.list
+ echo 'deb-src https://deb.nodesource.com/node_10.x bionic main' >> /etc/apt/sources.list.d/nodesource.list

## Running `apt-get update` for you...

+ apt-get update
Hit:1 http://asia-east1.gce.archive.ubuntu.com/ubuntu bionic InRelease
Hit:2 http://asia-east1.gce.archive.ubuntu.com/ubuntu bionic-updates InRelease                                                
Hit:3 http://asia-east1.gce.archive.ubuntu.com/ubuntu bionic-backports InRelease                                              
Get:4 https://deb.nodesource.com/node_10.x bionic InRelease [4584 B]                                                          
Hit:5 https://dl.yarnpkg.com/debian stable InRelease                                                                          
Hit:6 http://archive.canonical.com/ubuntu bionic InRelease                                                                    
Hit:7 http://security.ubuntu.com/ubuntu bionic-security InRelease        
Get:8 https://deb.nodesource.com/node_10.x bionic/main amd64 Packages [766 B]
Fetched 5350 B in 1s (6676 B/s)   
Reading package lists... Done

## Run `sudo apt-get install -y nodejs` to install Node.js 10.x and npm
## You may also need development tools to build native addons:
     sudo apt-get install gcc g++ make
## To install the Yarn package manager, run:
     curl -sL https://dl.yarnpkg.com/debian/pubkey.gpg | sudo apt-key add -
     echo "deb https://dl.yarnpkg.com/debian/ stable main" | sudo tee /etc/apt/sources.list.d/yarn.list
     sudo apt-get update && sudo apt-get install yarn


root@prometheus-k8s:/src/github.com/prometheus/prometheus# sudo apt-get install -y nodejs
Reading package lists... Done
Building dependency tree       
Reading state information... Done
The following packages were automatically installed and are no longer required:
  grub-pc-bin libc-ares2 libhttp-parser2.7.1 libnuma1 nodejs-doc
Use 'sudo apt autoremove' to remove them.
The following additional packages will be installed:
  libpython-stdlib libpython2.7-minimal libpython2.7-stdlib python python-minimal python2.7 python2.7-minimal
Suggested packages:
  python-doc python-tk python2.7-doc binfmt-support
The following NEW packages will be installed:
  libpython-stdlib libpython2.7-minimal libpython2.7-stdlib python python-minimal python2.7 python2.7-minimal
The following packages will be upgraded:
  nodejs
1 upgraded, 7 newly installed, 0 to remove and 21 not upgraded.
Need to get 20.2 MB of archives.
After this operation, 79.7 MB of additional disk space will be used.
Get:1 http://asia-east1.gce.archive.ubuntu.com/ubuntu bionic-updates/main amd64 libpython2.7-minimal amd64 2.7.17-1~18.04ubuntu1.1 [335 kB]
Get:2 http://asia-east1.gce.archive.ubuntu.com/ubuntu bionic-updates/main amd64 python2.7-minimal amd64 2.7.17-1~18.04ubuntu1.1 [1303 kB]
Get:3 http://asia-east1.gce.archive.ubuntu.com/ubuntu bionic/main amd64 python-minimal amd64 2.7.15~rc1-1 [28.1 kB]
Get:4 http://asia-east1.gce.archive.ubuntu.com/ubuntu bionic-updates/main amd64 libpython2.7-stdlib amd64 2.7.17-1~18.04ubuntu1.1 [1915 kB]
Get:5 https://deb.nodesource.com/node_10.x bionic/main amd64 nodejs amd64 10.22.0-1nodesource1 [16.2 MB]
Get:6 http://asia-east1.gce.archive.ubuntu.com/ubuntu bionic-updates/main amd64 python2.7 amd64 2.7.17-1~18.04ubuntu1.1 [248 kB]
Get:7 http://asia-east1.gce.archive.ubuntu.com/ubuntu bionic/main amd64 libpython-stdlib amd64 2.7.15~rc1-1 [7620 B]
Get:8 http://asia-east1.gce.archive.ubuntu.com/ubuntu bionic/main amd64 python amd64 2.7.15~rc1-1 [140 kB]
Fetched 20.2 MB in 1s (28.0 MB/s)                             
Selecting previously unselected package libpython2.7-minimal:amd64.
(Reading database ... 79635 files and directories currently installed.)
Preparing to unpack .../0-libpython2.7-minimal_2.7.17-1~18.04ubuntu1.1_amd64.deb ...
Unpacking libpython2.7-minimal:amd64 (2.7.17-1~18.04ubuntu1.1) ...
Selecting previously unselected package python2.7-minimal.
Preparing to unpack .../1-python2.7-minimal_2.7.17-1~18.04ubuntu1.1_amd64.deb ...
Unpacking python2.7-minimal (2.7.17-1~18.04ubuntu1.1) ...
Selecting previously unselected package python-minimal.
Preparing to unpack .../2-python-minimal_2.7.15~rc1-1_amd64.deb ...
Unpacking python-minimal (2.7.15~rc1-1) ...
Selecting previously unselected package libpython2.7-stdlib:amd64.
Preparing to unpack .../3-libpython2.7-stdlib_2.7.17-1~18.04ubuntu1.1_amd64.deb ...
Unpacking libpython2.7-stdlib:amd64 (2.7.17-1~18.04ubuntu1.1) ...
Selecting previously unselected package python2.7.
Preparing to unpack .../4-python2.7_2.7.17-1~18.04ubuntu1.1_amd64.deb ...
Unpacking python2.7 (2.7.17-1~18.04ubuntu1.1) ...
Selecting previously unselected package libpython-stdlib:amd64.
Preparing to unpack .../5-libpython-stdlib_2.7.15~rc1-1_amd64.deb ...
Unpacking libpython-stdlib:amd64 (2.7.15~rc1-1) ...
Setting up libpython2.7-minimal:amd64 (2.7.17-1~18.04ubuntu1.1) ...
Setting up python2.7-minimal (2.7.17-1~18.04ubuntu1.1) ...
Linking and byte-compiling packages for runtime python2.7...
Setting up python-minimal (2.7.15~rc1-1) ...
Selecting previously unselected package python.
(Reading database ... 80383 files and directories currently installed.)
Preparing to unpack .../python_2.7.15~rc1-1_amd64.deb ...
Unpacking python (2.7.15~rc1-1) ...
Preparing to unpack .../nodejs_10.22.0-1nodesource1_amd64.deb ...
Unpacking nodejs (10.22.0-1nodesource1) over (8.10.0~dfsg-2ubuntu0.4) ...
Setting up nodejs (10.22.0-1nodesource1) ...
Setting up libpython2.7-stdlib:amd64 (2.7.17-1~18.04ubuntu1.1) ...
Setting up python2.7 (2.7.17-1~18.04ubuntu1.1) ...
Setting up libpython-stdlib:amd64 (2.7.15~rc1-1) ...
Setting up python (2.7.15~rc1-1) ...
Processing triggers for man-db (2.8.3-2ubuntu0.1) ...
Processing triggers for mime-support (3.60ubuntu1) ...
root@prometheus-k8s:/src/github.com/prometheus/prometheus# make build
Makefile.common:54: This repository requires Go >= 1.11 because of Go modules
Makefile.common:55: Some recipes may not work as expected as the current Go runtime is 'go1.10.4'
cd web/ui/react-app && yarn --frozen-lockfile
yarn install v1.22.5
[1/4] Resolving packages...
[2/4] Fetching packages...
info fsevents@2.1.2: The platform "linux" is incompatible with this module.
info "fsevents@2.1.2" is an optional dependency and failed compatibility check. Excluding it from installation.
info fsevents@1.2.13: The platform "linux" is incompatible with this module.
info "fsevents@1.2.13" is an optional dependency and failed compatibility check. Excluding it from installation.
info fsevents@2.1.3: The platform "linux" is incompatible with this module.
info "fsevents@2.1.3" is an optional dependency and failed compatibility check. Excluding it from installation.
[3/4] Linking dependencies...
warning " > eslint-config-react-app@5.2.1" has unmet peer dependency "babel-eslint@10.x".
[4/4] Building fresh packages...
Done in 15.27s.
>> building React app
building React app
yarn run v1.22.5
$ react-scripts build
Creating an optimized production build...
Compiled successfully.

File sizes after gzip:

  264.61 KB  build/static/js/2.80ab5bfb.chunk.js
  30.27 KB   build/static/js/main.603ec56c.chunk.js
  23.47 KB   build/static/css/2.cfca4aeb.chunk.css
  1.5 KB     build/static/css/main.0b010d50.chunk.css
  769 B      build/static/js/runtime-main.7e00e584.js

The project was built assuming it is hosted at ./.
You can control this with the homepage field in your package.json.

The build folder is ready to be deployed.

Find out more about deployment here:

  bit.ly/CRA-deploy

Done in 65.27s.
>> writing assets
# Un-setting GOOS and GOARCH here because the generated Go code is always the same,
# but the cached object code is incompatible between architectures and OSes (which
# breaks cross-building for different combinations on CI in the same container).
cd web/ui && GO111MODULE= GOOS= GOARCH= go generate -x -v 
doc.go
go run -mod=vendor assets_generate.go
flag provided but not defined: -mod
usage: run [build flags] [-exec xprog] gofiles... [arguments...]
Run 'go help run' for details.
doc.go:24: running "go": exit status 2
Makefile:41: recipe for target 'assets' failed
make: *** [assets] Error 1
root@prometheus-k8s:/src/github.com/prometheus/prometheus# ls
CHANGELOG.md        LICENSE          NOTICE      cmd                discovery      go.mod    prompb  scripts   util
CODE_OF_CONDUCT.md  MAINTAINERS.md   README.md   config             docs           go.sum    promql  storage   vendor
CONTRIBUTING.md     Makefile         RELEASE.md  console_libraries  documentation  notifier  rules   template  web
Dockerfile          Makefile.common  VERSION     consoles           fuzzit.sh      pkg       
